[jacobson.framer.website/index.html]
[backblue.gif]
[fade.gif]
[index.html]
[framerusercontent.com/images/IRftEry4WJHvfFijJcuTZQJjc.png]
[framerusercontent.com/assets/5T77fm3KjHikG4jQTdqcky3Js8.png]
[framerusercontent.com/images/rR6HYXBrMmX4cRpXfXUOvpvpB0.png]
[framerusercontent.com/images/R88xtNSexfe2WerN5xKbDYAI02o.png]
[jacobson.framer.website/work.html]
[framerusercontent.com/images/Q4GhYPKyZPpH4L3JEfIkjGRoc58.png]
[framerusercontent.com/images/reDhfwEY9RC90DrjVGubLkoheY.png]
[framerusercontent.com/images/r71xvwfcshiact1Uych1gqv7E.png]
[framerusercontent.com/images/QjEvJXO6ZDbLJ5w5xY3faHJtPJk.png]
[framerusercontent.com/images/mW8vDRzXcBumpmrKSQpSkvVDA.png]
[framerusercontent.com/images/p2UGxtFL6oFcgaNH6ysTDHNaSlU.png]
[framerusercontent.com/images/K4Y4Wm2FABbswMaBxOHUC5hLg.png]
[framerusercontent.com/images/tNAqxzg0hQzRZRT3gEEGpTc4UY.png]
[framerusercontent.com/images/kKcPvN703Pb9MT5wiaL1uPWJ0.png]
[framerusercontent.com/images/ZC8whoUlU5mwcsxSAoFbvtCNKU.png]
[framerusercontent.com/images/MR54iMUSdfrRCu65krOirAiMkY.png]
[framerusercontent.com/images/IQH9QSr67aIvSzNZ2HNOd19Gmek.png]
[framerusercontent.com/images/FTP8urkYJpZpnCLCLRujRO0khs.png]
[jacobson.framer.website/projects/kp.html]
[framerusercontent.com/images/Flg2PgaCSwuo3lIKLvIEAqr1ls.png]
[jacobson.framer.website/projects/caps.html]
[framerusercontent.com/images/ISm9BknKTWTHjPJqfoG0jPyUZa8.png]
[jacobson.framer.website/projects/vb.html]
[framerusercontent.com/images/JmR9m5hZIftFglrhEnRZ0oqkCwQ.png]
[jacobson.framer.website/projects/covzoun.html]
[framerusercontent.com/images/NxXIjhBJM6jdzoIXnoLA7xfiJs.png]
[jacobson.framer.website/projects/snackhouse.html]
[framerusercontent.com/images/v2a769ZWVATYWBt7nZ3a0lkAWU.png]
[jacobson.framer.website/index.html]
[framerusercontent.com/images/5T77fm3KjHikG4jQTdqcky3Js8.png]
[jacobson.framer.website/projects/mgl.html]
[framerusercontent.com/images/ZGN7ypiGHQDjQ7l1Iw958UiX9k4.png]
[jacobson.framer.website/projects/tasks.html]
[framerusercontent.com/images/gmQSn8WVSImm2p92jo9ao2ns.png]
[jacobson.framer.website/projects/classmate.html]
[framerusercontent.com/images/6kVBFZEmgMlED5kolk0JMBb8.png]
[jacobson.framer.website/projects/chef.html]
[framerusercontent.com/images/EMs7YJyHn1lsiyTs6cfJIo3PGOQ.png]
[jacobson.framer.website/projects/wordit.html]
[framerusercontent.com/images/SaMwhAvdiVkxmzMS3ZKmZCwLdg.png]
[jacobson.framer.website/projects/the-company.html]
[framerusercontent.com/images/wA5Lma56TehXpvZZ6nrlco4IVpQ.png]
[jacobson.framer.website/projects/cloudy-days.html]
[framerusercontent.com/images/wm35CtHPFfkBag0A1gW11mlQv4o.png]
[jacobson.framer.website/projects/trend-setter.html]
[framerusercontent.com/images/ytq6rhkQvr383nUHvtwqseikhgA.png]
[jacobson.framer.website/projects/lost-in-space.html]
[framerusercontent.com/images/Vzdiz0kXyKs8ZYt9Xrdz0gqt78.png]
[jacobson.framer.website/projects/absolutely-bored.html]
[framerusercontent.com/images/YRhZI3nHlHpX2AiQaeijvfmESQw.png]
[jacobson.framer.website/projects/light-speed.html]
[framerusercontent.com/images/m3hbDNmwoDtcHLVA28tmiEpoFqo.png]
[jacobson.framer.website/projects/phoveus-revamp.html]
[framerusercontent.com/images/sM8iXnACmFbZ728upf0BwOSFL8.png]
[jacobson.framer.website/projects/cyclops-hero-concept.html]
[framerusercontent.com/images/Eg2bmBqOUkqxlJf01tltR5TCVA.png]
[jacobson.framer.website/projects/layla-scream.html]
[framerusercontent.com/images/FX6H3ThTWcLkefYspSX9Ezcbkjs.png]
[jacobson.framer.website/projects/cyclops-skin-concept.html]
[framerusercontent.com/images/uj3Ix6SwGSorj7Ia82VruFQuUtk.png]
[jacobson.framer.website/projects/venom-saber.html]
[framerusercontent.com/images/cdzLjzZlc4Hz3eeg8prVxyyszQ.png]
[jacobson.framer.website/projects/mako.html]
[framerusercontent.com/images/ANBLcML78wTpcJGVa3PQqZbQ1cE.png]
[jacobson.framer.website/projects/edith.html]
[framerusercontent.com/images/7rOodjWSX4plTtfKC4DGv0KVFY.png]
[jacobson.framer.website/projects/yin-starlight.html]
[jacobson.framer.website/work.html]
[framerusercontent.com/images/5qFbIPuvajbI35ZA5HYda4Ts.png]
[framerusercontent.com/images/4B9qU4gtT1kJbNbEqKpJwgTJUU0.png]
[framerusercontent.com/images/SOREYxx3ECOMWt7DFul8AbEKFsQ.png]
[jacobson.framer.website/projects/kp.html]
[framerusercontent.com/images/WzNJkafl6Sa8HvAxjjClO4u0ACI.png]
[framerusercontent.com/images/E6Fn1sp2uS8fTGjW0xO2B1A.png]
[framerusercontent.com/images/e5aKcsx4UfZmUBuBQKM6IstJeE.png]
[framerusercontent.com/images/yVMJWe1rlQ23A8bzknnb4NvIsrA.png]
[framerusercontent.com/images/D1avIOjfNzHFpK2XrjAV4JDoM.png]
[jacobson.framer.website/projects/caps.html]
[framerusercontent.com/images/2WMoKGxwiRW4kjjJCjbaXQM0GGk.png]
[framerusercontent.com/images/sSnFL2OHiiPZeHeaW8T4NMyE.png]
[framerusercontent.com/images/O0fIJaWJBWxo1gw6l9p7itne3TA.png]
[jacobson.framer.website/projects/vb.html]
[framerusercontent.com/images/yjKzRMPNKutWCMiHrv3KMdOPUSw.png]
[framerusercontent.com/images/Rm9qHM3oQbzrEnwvCgxKmOjbY.png]
[framerusercontent.com/images/twUXBIeOX7OCJhtz42tHO7hDI.png]
[jacobson.framer.website/projects/covzoun.html]
[framerusercontent.com/images/cyI3YT6eXF5X6OQX5qwWceQDFc.png]
[framerusercontent.com/images/kLmNpBtE0xivsFBJdH5Zm1fTzzM.png]
[framerusercontent.com/images/p53uirkp07b4k75eHq77ILAGOlY.png]
[jacobson.framer.website/projects/snackhouse.html]
[framerusercontent.com/images/bonY7QibiHyVMSiVq0FN24V82w.png]
[framerusercontent.com/images/mYMgiBE31LWqtfn9BuHGwnltNg.png]
[framerusercontent.com/images/pyJIsOelGtOE8tPHxSRhPoItI.png]
[framerusercontent.com/images/ekiXimxgI1MX16u6qPdclpkB0.png]
[jacobson.framer.website/projects/mgl.html]
[framerusercontent.com/images/xAHu33vH6XvvAs0DUA6DzkOn4g.png]
[framerusercontent.com/images/CLsV59J55MYvZE00pywIYll3xpk.png]
[framerusercontent.com/images/KmrdG7cdDfMz3CytofDLmtGvE.png]
[framerusercontent.com/images/fnGAopBPlaNqByYt6pTb1hJQfIU.png]
[jacobson.framer.website/projects/tasks.html]
[framerusercontent.com/images/U7juwmRUZ6ObAs7P2h23yLkCko.png]
[framerusercontent.com/images/A2x3eUZ6XBnnUeiNPfzwjBCYJOI.png]
[framerusercontent.com/images/kG0I5Fh1hIfAdrZQKmAyyLJcM.png]
[jacobson.framer.website/projects/classmate.html]
[framerusercontent.com/images/VRdzu0A30XiyzSaNg3vA4tN44qw.png]
[framerusercontent.com/images/W8utboLWkRi6cg1QxuEJtMXo4.png]
[framerusercontent.com/images/ggpz86Ynh0vHeUHspJwvNS0.png]
[framerusercontent.com/images/V33K01Ap6rfqeCB8Mkhg7voPw0.png]
[jacobson.framer.website/projects/chef.html]
[framerusercontent.com/images/sTMNVOJnqHZdNRQ9eWzpnIzvTME.png]
[framerusercontent.com/images/OOr6GTHQYSM9p2G1mw7pQyjQ.png]
[framerusercontent.com/images/F8gKClpsouDDKqnydv7vf0BXo0.png]
[jacobson.framer.website/projects/wordit.html]
[framerusercontent.com/images/YFJ3JF4TTghO5nExGij2azXCzI.png]
[jacobson.framer.website/projects/the-company.html]
[framerusercontent.com/images/QfBYfYowPyXtD4Ktw9Vowv0DKE.png]
[framerusercontent.com/images/oB35n9hq7Zzjcx3BkJOZ1AvEHI.png]
[jacobson.framer.website/projects/cloudy-days.html]
[framerusercontent.com/images/kyT2Un5a7DeZK4vRgZ9avXMHlI.png]
[jacobson.framer.website/projects/trend-setter.html]
[framerusercontent.com/images/AlLW3Oa9mTfQLk1fV9rQ7LQclck.png]
[jacobson.framer.website/projects/lost-in-space.html]
[framerusercontent.com/images/cbMqhWz72tWxJ9KGLM09soFlMU.png]
[jacobson.framer.website/projects/absolutely-bored.html]
[framerusercontent.com/images/y2T9y7LlFwNXQtUpc0L4I1h0tFQ.png]
[jacobson.framer.website/projects/light-speed.html]
[framerusercontent.com/images/EOLOV5kwqpg8RAlNUt8prJjnHU8.png]
[jacobson.framer.website/projects/phoveus-revamp.html]
[framerusercontent.com/images/X0RprIhyJglvJ6EpzJ6F272u9Vc.png]
[jacobson.framer.website/projects/cyclops-hero-concept.html]
[framerusercontent.com/images/wZf2jhAw7f6mXYcDE7D83w3C8.png]
[jacobson.framer.website/projects/layla-scream.html]
[framerusercontent.com/images/RZFCQVaGxeNzR31mgYJabjBIXfc.png]
[jacobson.framer.website/projects/cyclops-skin-concept.html]
[framerusercontent.com/images/Bb1MKeQITpDAp5i7PnUpAcWqDok.png]
[jacobson.framer.website/projects/venom-saber.html]
[framerusercontent.com/images/WQyA4LjEch0Ud1O9H1JUZe1S04.png]
[jacobson.framer.website/projects/mako.html]
[framerusercontent.com/images/qja6miQ9PHMoZsB4AStlBWP6SjQ.png]
[jacobson.framer.website/projects/edith.html]
[framerusercontent.com/images/jy3Pa27rLlu9W6nCE5ILEev5fZY.png]
[jacobson.framer.website/projects/yin-starlight.html]
